test@app-lwl:~/yocto/build/tmp/deploy/images/adsp-sc589-ezkit$ minicom


Welcome to minicom 2.7.1

OPTIONS: I18n 
Compiled on Aug 13 2017, 15:25:34.
Port /dev/ttyUSB0, 22:21:21

Press CTRL-A Z for help on special keys

 

U-Boot 2015.01 ADI-1.3.0 (Aug 14 2019 - 18:09:47)

CPU:   ADSP ADSP-SC589-0.1 (Detected Rev: 1.1) (spi flash boot)
VCO: 450 MHz, Cclk0: 450 MHz, Sclk0: 112.500 MHz, Sclk1: 112.500 MHz, DCLK: 450 MHz
OCLK: 150 MHz
       Watchdog enabled
I2C:   ready
DRAM:  224 MiB
MMC:   SC5XX SDH: 0
SF: Detected W25Q128BV with page size 256 Bytes, erase size 4 KiB, total 16 MiB
In:    serial
Out:   serial
Err:   serial
other init
Net:   dwmac.3100c000
Hit any key to stop autoboot:  0 
sc # print
addip=set bootargs ${bootargs} ip=${ipaddr}:${serverip}:${gatewayip}:${netmask}:${hostname}:eth0:off
autoload=no
baudrate=57600
bootargs=root=/dev/mtdblock2 rw rootfstype=jffs2 clkin_hz=(25000000) earlyprintk=serial,uart0,57600 console=ttySC0,57600 mem=224M
bootcmd=run ramboot
bootdelay=5
dtbaddr=0xC4000000
dtbfile=sc589-ezkit.dtb
ethact=dwmac.3100c000
ethaddr=02:80:ad:20:31:e8
gatewayip=192.168.0.1
hostname="sc58x"
initramaddr=0xC5000000
initramfile=ramdisk.cpio.xz.u-boot
ipaddr=10.100.4.50
loadaddr=0xC2000000
loads_echo=1
nc=set ncip ${serverip};set stdin nc;set stdout nc;set stderr nc
netmask=255.255.255.0
nfsargs=set bootargs root=/dev/nfs rw nfsroot=${serverip}:${rootpath},tcp,nfsvers=3 clkin_hz=(25000000) earlyprintk=serial,uart0,57600 console=ttySC0,57600 mem=224M
nfsboot=tftp ${loadaddr} ${nfsfile};tftp ${dtbaddr} ${dtbfile};run nfsargs;run addip;bootz ${loadaddr} - ${dtbaddr}
nfsfile=zImage
ramargs=set bootargs root=/dev/ram clkin_hz=(25000000) earlyprintk=serial,uart0,57600 console=ttySC0,57600 mem=224M
ramboot=tftp ${loadaddr} ${ramfile};tftp ${dtbaddr} ${dtbfile};tftp ${initramaddr} ${initramfile};run ramargs;run addip;bootz ${loadaddr} ${initramaddr} ${dtbaddr}
ramfile=zImage
rootpath=/romfs
serverip=10.100.4.174
stderr=serial
stdin=serial
stdout=serial
ubootfile=u-boot.ldr
update=tftp ${loadaddr} ${ubootfile};sf probe 2:1;sf erase 0 0x80000;sf write ${loadaddr} 0 ${filesize}

Environment size: 1477/8188 bytes
sc # run nfsboot
Speed: 1000, full duplex
Using dwmac.3100c000 device
TFTP from server 10.100.4.174; our IP address is 10.100.4.50
Filename 'zImage'.
Load address: 0xc2000000
Loading: #################################################################
         #################################################################
         #################################################################
         #################################################################
         ########################
         3.7 MiB/s
done
Bytes transferred = 4168176 (3f99f0 hex)
Speed: 1000, full duplex
Using dwmac.3100c000 device
TFTP from server 10.100.4.174; our IP address is 10.100.4.50
Filename 'sc589-ezkit.dtb'.
Load address: 0xc4000000
Loading: ##
         2.9 MiB/s
done
Bytes transferred = 21422 (53ae hex)
Kernel image @ 0xc2000000 [ 0x000000 - 0x3f99f0 ]
## Flattened Device Tree blob at c4000000
   Booting using the fdt blob at 0xc4000000
   Loading Device Tree to cfe55000, end cfe5d3ad ... OK

Starting kernel ...

Uncompressing Linux... done, booting the kernel.
Booting Linux on physical CPU 0x0
Linux version 4.16.0 (oe-user@oe-host) (gcc version 8.2.0 (GCC)) #1 Mon Aug 26 15:34:18 UTC 2019
CPU: ARMv7 Processor [410fc051] revision 1 (ARMv7), cr=10c53c7d
CPU: PIPT / VIPT nonaliasing data cache, VIPT aliasing instruction cache
OF: fdt: Machine model: ADI sc589-ezkit
bootconsole [earlycon0] enabled
Memory policy: Data cache writeback
Hit pending asynchronous external abort (FSR=0x00001c06) during first unmask, this is most likely caused by a firmware/bootloader bug.
CPU: All CPU(s) started in SVC mode.
dump init clock rate
CGU0_PLL 450 MHz
CGU0_SYSCLK 225 MHz
CGU0_CCLK 450 MHz
CGU0_SYS0 112 MHz
CGU0_DCLK 450 MHz
CGU0_OCLK 150 MHz
CGU0_SYS0 112 MHz
random: fast init done
Built 1 zonelists, mobility grouping on.  Total pages: 56896
Kernel command line: root=/dev/nfs rw nfsroot=10.100.4.174:/romfs,tcp,nfsvers=3 clkin_hz=(25000000) earlyprintk=serial,uart0,57600 console=ttySC0,57600 mem=224M ip=10.100.4.50:10.100.4.174:192.168.0.1:25f
Dentry cache hash table entries: 32768 (order: 5, 131072 bytes)
Inode-cache hash table entries: 16384 (order: 4, 65536 bytes)
Memory: 217680K/229376K available (6144K kernel code, 207K rwdata, 1592K rodata, 1024K init, 124K bss, 11696K reserved, 0K cma-reserved)
Virtual kernel memory layout:
    vector  : 0xffff0000 - 0xffff1000   (   4 kB)
    fixmap  : 0xffc00000 - 0xfff00000   (3072 kB)
    vmalloc : 0xce800000 - 0xff800000   ( 784 MB)
    lowmem  : 0xc0000000 - 0xce000000   ( 224 MB)
    modules : 0xbf000000 - 0xc0000000   (  16 MB)
      .text : 0x(ptrval) - 0x(ptrval)   (7136 kB)
      .init : 0x(ptrval) - 0x(ptrval)   (1024 kB)
      .data : 0x(ptrval) - 0x(ptrval)   ( 208 kB)
       .bss : 0x(ptrval) - 0x(ptrval)   ( 125 kB)
NR_IRQS: 16, nr_irqs: 16, preallocated irqs: 16
clocksource: cs_gptimer: mask: 0xffffffff max_cycles: 0xffffffff, max_idle_ns: 16988981748 ns
sched_clock: 32 bits at 112MHz, resolution 8ns, wraps every 19088743419ns
Console: colour dummy device 80x30
Calibrating delay loop... 297.98 BogoMIPS (lpj=595968)
pid_max: default: 32768 minimum: 301
Mount-cache hash table entries: 1024 (order: 0, 4096 bytes)
Mountpoint-cache hash table entries: 1024 (order: 0, 4096 bytes)
CPU: Testing write buffer coherency: ok
Setting up static identity map for 0xc2100000 - 0xc210003c
devtmpfs: initialized
VFP support v0.3: implementor 41 architecture 2 part 30 variant 5 rev 1
clocksource: jiffies: mask: 0xffffffff max_cycles: 0xffffffff, max_idle_ns: 7645041785100000 ns
futex hash table entries: 256 (order: -1, 3072 bytes)
pinctrl core: initialized pinctrl subsystem
NET: Registered protocol family 16
DMA: preallocated 256 KiB pool for atomic coherent allocations
L2C: device tree omits to specify unified cache
L2C-310 dynamic clock gating enabled, standby mode enabled
L2C-310 cache controller enabled, 8 ways, 256 kB
L2C-310: CACHE_ID 0x410000c9, AUX_CTRL 0x06040000
sc58x_init: registering device resources
sec init...
enabled
hw-breakpoint: Failed to enable monitor mode on CPU 0.
ADI DMA2 Controller
SCSI subsystem initialized
usbcore: registered new interface driver usbfs
usbcore: registered new interface driver hub
usbcore: registered new device driver usb
GPIO line 504 (adau1962-rst) hogged as output/low
GPIO line 505 (adau1962-rst) hogged as output/low
i2c-adi-twi 31001400.twi: ADI on-chip I2C TWI Controller, regs_base@24727510
i2c-adi-twi 31001500.twi: ADI on-chip I2C TWI Controller, regs_base@e14614c2
i2c-adi-twi 31001600.twi: ADI on-chip I2C TWI Controller, regs_base@77ddbdef
pps_core: LinuxPPS API ver. 1 registered
pps_core: Software ver. 5.3.6 - Copyright 2005-2007 Rodolfo Giometti <giometti@linux.it>
PTP clock support registered
Advanced Linux Sound Architecture Driver Initialized.
clocksource: Switched to clocksource cs_gptimer
NET: Registered protocol family 2
tcp_listen_portaddr_hash hash table entries: 512 (order: 0, 4096 bytes)
TCP established hash table entries: 2048 (order: 1, 8192 bytes)
TCP bind hash table entries: 2048 (order: 1, 8192 bytes)
TCP: Hash tables configured (established 2048 bind 2048)
UDP hash table entries: 256 (order: 0, 4096 bytes)
UDP-Lite hash table entries: 256 (order: 0, 4096 bytes)
NET: Registered protocol family 1
RPC: Registered named UNIX socket transport module.
RPC: Registered udp transport module.
RPC: Registered tcp transport module.
RPC: Registered tcp NFSv4.1 backchannel transport module.
hw perfevents: no interrupt-affinity property for /pmu, guessing.
hw perfevents: enabled with armv7_cortex_a5 PMU driver, 3 counters available
Initialise system trusted keyrings
workingset: timestamp_bits=30 max_order=16 bucket_order=0
NFS: Registering the id_resolver key type
Key type id_resolver registered
Key type id_legacy registered
nfs4filelayout_init: NFSv4 File Layout Driver Registering...
jffs2: version 2.2. (NAND) �© 2001-2006 Red Hat, Inc.
Key type asymmetric registered
Asymmetric key parser 'x509' registered
io scheduler noop registered (default)
io scheduler mq-deadline registered
io scheduler kyber registered
APP_STAT=0,RSCKPHY_STAT=0,LINK_CTRL_STATUS_REG2=10001
sc58x-pcie 310b8000.pcie: Link training failed
sc58x-pcie 310b8000.pcie: PORT_LINK_DEBUG0 = aab900, PORT_LINK_DEBUG1 = 8200000
sc58x-pcie: probe of 310b8000.pcie failed with error -110
adi_nl8048 31040000.lcd: Can't start LCD
ADI serial driver
adi-uart4.0: ttySC0 at MMIO 0x31003000 (irq = 21, base_baud = 7031250) is a ADI-UART4
console [ttySC0] enabled
console [ttySC0] enabled
bootconsole [earlycon0] disabled
bootconsole [earlycon0] disabled
loop: module loaded
adi-spi3 31042000.spi: registered ADI SPI controller spi0
m25p80 spi2.38: found w25q128, expected w25q32
m25p80 spi2.38: w25q128 (16384 Kbytes)
3 ofpart partitions found on MTD device spi2.38
Creating 3 MTD partitions on "spi2.38":
0x000000000000-0x000000080000 : "uboot (spi)"
0x000000080000-0x000000600000 : "kernel (spi)"
0x000000600000-0x000001000000 : "root file system (spi)"
adi-spi3 31044000.spi: registered ADI SPI controller spi2
libphy: Fixed MDIO Bus: probed
adi-dwmac 3100c000.ethernet: PTP uses main clock
adi-dwmac 3100c000.ethernet: no reset control found
stmmac - user ID: 0x10, Synopsys ID: 0x37
adi-dwmac 3100c000.ethernet: Ring mode enabled
adi-dwmac 3100c000.ethernet: DMA HW capability register supported
adi-dwmac 3100c000.ethernet: Enhanced/Alternate descriptors
adi-dwmac 3100c000.ethernet: Enabled extended descriptors
adi-dwmac 3100c000.ethernet: RX Checksum Offload Engine supported
adi-dwmac 3100c000.ethernet: COE Type 2
adi-dwmac 3100c000.ethernet: TX Checksum insertion supported
adi-dwmac 3100c000.ethernet: Wake-Up On Lan supported
adi-dwmac 3100c000.ethernet: Enable RX Mitigation via HW Watchdog Timer
libphy: stmmac: probed
force_sf_dma_mode is ignored if force_thresh_dma_mode is set.
adi-dwmac 3100e000.ethernet: PTP uses main clock
adi-dwmac 3100e000.ethernet: no reset control found
stmmac - user ID: 0x11, Synopsys ID: 0x37
adi-dwmac 3100e000.ethernet: Ring mode enabled
adi-dwmac 3100e000.ethernet: DMA HW capability register supported
adi-dwmac 3100e000.ethernet: Enhanced/Alternate descriptors
adi-dwmac 3100e000.ethernet: Enabled extended descriptors
adi-dwmac 3100e000.ethernet: RX Checksum Offload Engine supported
adi-dwmac 3100e000.ethernet: COE Type 2
adi-dwmac 3100e000.ethernet: Wake-Up On Lan supported
adi-dwmac 3100e000.ethernet: Enable RX Mitigation via HW Watchdog Timer
libphy: stmmac: probed
NS DP83848C 10/100 Mbps PHY stmmac-1:01: attached PHY driver [NS DP83848C 10/100 Mbps PHY] (mii_bus:phy_addr=stmmac-1:01, irq=POLL)
usbcore: registered new interface driver usb-storage
musb-hdrc musb-hdrc.1.auto: MUSB HDRC host driver
musb-hdrc musb-hdrc.1.auto: new USB bus registered, assigned bus number 1
hub 1-0:1.0: USB hub found
hub 1-0:1.0: 1 port detected
mousedev: PS/2 mouse device common for all mice
input: AD7879 Touchscreen as /devices/platform/scb/31042000.spi/spi_master/spi0/spi0.32/input/input0
rtc rtc0: invalid alarm value: 1900-1-26 0:0:0
rtc-adi2 310c8000.rtc: registered as rtc0
i2c /dev entries driver
adi_wdt: initialized: timeout=20 sec (nowayout=0)
Synopsys Designware Multimedia Card Interface Driver
dwmmc_adi 31010000.mmc: IDMAC supports 32-bit address mode.
dwmmc_adi 31010000.mmc: Using internal DMA controller.
dwmmc_adi 31010000.mmc: Version ID is 270a
dwmmc_adi 31010000.mmc: DW MMC controller at irq 47,32 bit host data width,1024 deep fifo
mmc_host mmc0: Bus speed (slot 0) = 50000000Hz (slot req 400000Hz, actual 396825HZ div = 63)
ADI hardware CRC crypto driver
adi-hmac-crc 31001200.crc: initialized
adi-hmac-crc 31001300.crc: initialized
usbcore: registered new interface driver usbhid
usbhid: USB HID core driver
usbcore: registered new interface driver r8712u
adau1962 0-0004: busy to request reset-gpio 14 
mmc_host mmc0: Bus speed (slot 0) = 50000000Hz (slot req 25000000Hz, actual 25000000HZ div = 1)
mmc0: new SD card at address b368
mmcblk0: mmc0:b368 SMI   1.86 GiB 
mmc_host mmc0: Bus speed (slot 0) = 50000000Hz (slot req 400000Hz, actual 396825HZ div = 63)
mmc_host mmc0: Bus speed (slot 0) = 50000000Hz (slot req 25000000Hz, actual 25000000HZ div = 1)
print_req_error: I/O error, dev mmcblk0, sector 0
print_req_error: I/O error, dev mmcblk0, sector 1
print_req_error: I/O error, dev mmcblk0, sector 2
print_req_error: I/O error, dev mmcblk0, sector 3
print_req_error: I/O error, dev mmcblk0, sector 4
print_req_error: I/O error, dev mmcblk0, sector 5
print_req_error: I/O error, dev mmcblk0, sector 6
print_req_error: I/O error, dev mmcblk0, sector 7
Buffer I/O error on dev mmcblk0, logical block 0, async page read
print_req_error: I/O error, dev mmcblk0, sector 0
print_req_error: I/O error, dev mmcblk0, sector 1
Buffer I/O error on dev mmcblk0, logical block 0, async page read
 mmcblk0: unable to read partition table
01,2a,a0,00
00,00,01,00
06,00,00,00
00,00,00,00
00,00,00,00
00,00,00,00
00,aa,aa,aa
sc5xx-i2s-dai 31002400.i2s: SPORT create success
snd-sc5xx scb:sound: adau1962-hifi <-> 31002400.i2s mapping ok
snd-sc5xx scb:sound: adau1977-hifi <-> 31002400.i2s mapping ok
NET: Registered protocol family 10
Segment Routing with IPv6
sit: IPv6, IPv4 and MPLS over IPv4 tunneling driver
NET: Registered protocol family 17
Key type dns_resolver registered
ThumbEE CPU extension supported.
Loading compiled-in X.509 certificates
adi_nl8048 31040000.lcd: LCD fb0 registered@17bb4e2e,dma=28,irq=48,cs=39
console [netcon0] enabled
netconsole: network logging started
rtc-adi2 310c8000.rtc: setting system clock to 2019-08-26 15:46:14 UTC (1566834374)
TI DP83867 stmmac-0:00: attached PHY driver [TI DP83867] (mii_bus:phy_addr=stmmac-0:00, irq=POLL)
adi-dwmac 3100c000.ethernet eth0: IEEE 1588-2008 Advanced Timestamp supported
adi-dwmac 3100c000.ethernet eth0: registered PTP clock
IPv6: ADDRCONF(NETDEV_UP): eth0: link is not ready
adi-dwmac 3100c000.ethernet eth0: Link is Up - 1Gbps/Full - flow control rx/tx
IPv6: ADDRCONF(NETDEV_CHANGE): eth0: link becomes ready
IP-Config: Complete:
     device=eth0, hwaddr=02:80:ad:20:31:e8, ipaddr=10.100.4.50, mask=255.255.255.0, gw=192.168.0.1
     host=sc58x, domain=, nis-domain=(none)
     bootserver=10.100.4.174, rootserver=10.100.4.174, rootpath=
IP-Config: Gateway not on directly connected network
cfg80211: Loading compiled-in X.509 certificates for regulatory database
cfg80211: Loaded X.509 cert 'sforshee: 00b28ddf47aef9cea7'
ALSA device list:
  #0: sc5xx-asoc-card
platform regulatory.0: Direct firmware load for regulatory.db failed with error -2
cfg80211: failed to load regulatory.db
VFS: Mounted root (nfs filesystem) on device 0:11.
devtmpfs: mounted
Freeing unused kernel memory: 1024K
INIT: version 2.88 booting
Starting udev
udevd[788]: starting version 3.2.7
udevd[788]: specified group 'kvm' unknown
udevd[789]: starting eudev-3.2.7
udevd[789]: inotify_init failed: Function not implemented
udevd[789]: error initializing inotify
Mon Aug 26 15:50:30 UTC 2019
ALSA: Restoring mixer settings...
No state is present for card sc5xxasoccard
Found hardware: "sc5xx-asoc-card" "" "" "" ""
Hardware is initialized using a generic method
No state is present for card sc5xxasoccard
INIT: Entering runlevel: 5
Configuring network interfaces... RTNETLINK answers: File exists
ifup skipped for nfsroot interface eth0
run-parts: /etc/network/if-pre-up.d/nfsroot: exit status 1
Starting system message bus: dbus.
Starting watchdog...
Starting OpenBSD Secure Shell server: sshd
  generating ssh RSA host key...
random: crng init done
  generating ssh ECDSA host key...
  generating ssh ED25519 host key...
done.
Starting rpcbind daemon...done.
Starting atd: OK
Starting bluetooth: bluetoothd.
Starting network benchmark server: netserver.
Starting syslogd/klogd: done
[ ok ]rting Avahi mDNS/DNS-SD Daemon: avahi-daemon
Starting Lighttpd Web Server: lighttpd.
Starting crond: OK


     @@@@@@@@@@@@@@@@@@@@@@@@@@@@@@@@@@@@@@@
     @@@@@@@@  @@@@@@@@@@@@@@@@@@@@@@@@@@@@@     
     @@@@@@@@     @@@@@@@@@@@@@@@@@@@@@@@@@@
     @@@@@@@@        @@@@@@@@@@@@@@@@@@@@@@@
     @@@@@@@@            @@@@@@@@@@@@@@@@@@@
     @@@@@@@@               @@@@@@@@@@@@@@@@
     @@@@@@@@                   @@@@@@@@@@@@
     @@@@@@@@                     @@@@@@@@@@
     @@@@@@@@                        @@@@@@@
     @@@@@@@@                     @@@@@@@@@@
     @@@@@@@@                   @@@@@@@@@@@@
     @@@@@@@@               @@@@@@@@@@@@@@@@
     @@@@@@@@            @@@@@@@@@@@@@@@@@@@
     @@@@@@@@        @@@@@@@@@@@@@@@@@@@@@@@
     @@@@@@@@     @@@@@@@@@@@@@@@@@@@@@@@@@@
     @@@@@@@@  @@@@@@@@@@@@@@@@@@@@@@@@@@@@@
     @@@@@@@@@@@@@@@@@@@@@@@@@@@@@@@@@@@@@@@

        Analog Devices Yocto Distribution
                 www.analog.com
              www.yoctoproject.org
     
adsp-sc589-ezkit login: root
Password: 
root@adsp-sc589-ezkit:~# uname -a
Linux adsp-sc589-ezkit 4.16.0 #1 Mon Aug 26 15:34:18 UTC 2019 armv7l GNU/Linux
root@adsp-sc589-ezkit:~# cat /proc/version 
Linux version 4.16.0 (oe-user@oe-host) (gcc version 8.2.0 (GCC)) #1 Mon Aug 26 15:34:18 UTC 2019
root@adsp-sc589-ezkit:~# cat /sys/kernel/debug/gpio
gpiochip0: GPIOs 0-15, adi-gpio:
 gpio-14  (                    |adau1977            ) out hi    

gpiochip1: GPIOs 16-31, adi-gpio:
 gpio-30  (                    |mdio-reset          ) out hi    

gpiochip2: GPIOs 32-47, adi-gpio:
 gpio-32  (                    |spi0.32             ) out hi    
 gpio-38  (                    |spi2.38             ) out hi    
 gpio-39  (                    |spi0.39             ) out hi    
 gpio-44  (                    |spi0.44             ) out hi    

gpiochip3: GPIOs 48-63, adi-gpio:

gpiochip4: GPIOs 64-79, adi-gpio:

gpiochip5: GPIOs 80-95, adi-gpio:

gpiochip6: GPIOs 96-101, adi-gpio:

gpiochip9: GPIOs 479-479, parent: spi/spi0.32, AD7879-GPIO, can sleep:

gpiochip8: GPIOs 480-495, parent: i2c/0-0022, mcp23017, can sleep:

gpiochip7: GPIOs 496-511, parent: i2c/0-0021, mcp23017, can sleep:
 gpio-498 P0.2 (adi-uart4.0 ) out lo   
 gpio-499 P0.3 (3100c000.ethernet) out lo   
 gpio-500 P0.4 (3100e000.ethernet) out lo   
 gpio-504 P0.8 (adau1962-rst) out lo   
 gpio-505 P0.9 (adau1962-rst) out lo   
 gpio-507 P0.11 (31010000.mmc) out lo   
 gpio-508 P0.12 (spi2.38     ) out lo   
 gpio-509 P0.13 (spi2.38     ) out lo   
root@adsp-sc589-ezkit:~# echo 479 > /sys/class/gpio/export
root@adsp-sc589-ezkit:~# echo high > /sys/class/gpio/gpio479/direction
root@adsp-sc589-ezkit:~# export QWS_MOUSE_PROTO=USB:/dev/input/event0
root@adsp-sc589-ezkit:~#  event_test /dev/input/event
-sh: event_test: command not found
root@adsp-sc589-ezkit:~# cd /dev/input/
root@adsp-sc589-ezkit:/dev/input#  event_test /dev/input/event
-sh: event_test: command not found
root@adsp-sc589-ezkit:/dev/input# export QWS_MOUSE_PROTO=USB:/dev/input/event1
root@adsp-sc589-ezkit:/dev/input# cd
root@adsp-sc589-ezkit:~# cd /dev/in
initctl  input/   
root@adsp-sc589-ezkit:~# cd /dev/input/
event0  mice    mouse0  
root@adsp-sc589-ezkit:~# cd /dev/input/
root@adsp-sc589-ezkit:/dev/input# export QWS_MOUSE_PROTO=USB:/dev/input/event1\~
root@adsp-sc589-ezkit:/dev/input# export QWS_MOUSE_PROTO=USB:/dev/input/event1  
root@adsp-sc589-ezkit:/dev/input# ls
event0  mice    mouse0
root@adsp-sc589-ezkit:/dev/input#                                             
root@adsp-sc589-ezkit:/dev/input# ls
event0  mice    mouse0
root@adsp-sc589-ezkit:/dev/input# musb-adi 310c1000.usb: VBUS error recovery
usb 1-1: new low-speed USB device number 2 using musb-hdrc
input: USB Optical Mouse as /devices/platform/scb/310c1000.usb/musb-hdrc.1.auto/usb1/1-1/1-1:1.0/0003:0461:4D15.0001/input/input1
hid-generic 0003:0461:4D15.0001: input: USB HID v1.11 Mouse [USB Optical Mouse] on usb-musb-hdrc.1.auto-1/input0

root@adsp-sc589-ezkit:/dev/input# ls
event0  event1  mice    mouse0  mouse1
root@adsp-sc589-ezkit:/dev/input# export QWS_MOUSE_PROTO=USB:/dev/input/event1 
root@adsp-sc589-ezkit:/dev/input# /usr/share/qt/examples/widgets/calendarwidget/calendarwidget -qws 
-sh: /usr/share/qt/examples/widgets/calendarwidget/calendarwidget: No such file or directory
root@adsp-sc589-ezkit:/dev/input# cd /usr/share/
X11/             avahi/           dbus-1/          fontconfig/      info/            luajit-2.0.5/    misc/            sounds/          xml/             
alsa/            awk/             dict/            icons/           libdrm/          man/             oprofile/        tabset/          
applications/    ca-certificates/ ffmpeg/          include/         locale/          mime/            pci.ids.gz       udhcpc/          
root@adsp-sc589-ezkit:/dev/input# cd /usr/share/
X11/             avahi/           dbus-1/          fontconfig/      info/            luajit-2.0.5/    misc/            sounds/          xml/             
alsa/            awk/             dict/            icons/           libdrm/          man/             oprofile/        tabset/          
applications/    ca-certificates/ ffmpeg/          include/         locale/          mime/            pci.ids.gz       udhcpc/          
root@adsp-sc589-ezkit:/dev/input# cd /usr/share/ 
root@adsp-sc589-ezkit:/usr/share# ls
X11              avahi            dbus-1           fontconfig       info             luajit-2.0.5     misc             sounds           xml
alsa             awk              dict             icons            libdrm           man              oprofile         tabset
applications     ca-certificates  ffmpeg           include          locale           mime             pci.ids.gz       udhcpc
root@adsp-sc589-ezkit:/usr/share# echo 102 > /sys/class/gpio/export
export_store: invalid GPIO 102
-sh: echo: write error: Invalid argument
root@adsp-sc589-ezkit:/usr/share# ev
eval    evtest  
root@adsp-sc589-ezkit:/usr/share# evtest /dev/input/
event0  event1  mice    mouse0  mouse1  
root@adsp-sc589-ezkit:/usr/share# evtest /dev/input/event
evtest: No such file or directory
root@adsp-sc589-ezkit:/usr/share# evtest /dev/input/event1 
Input driver version is 1.0.1
Input device ID: bus 0x3 vendor 0x461 product 0x4d15 version 0x111
Input device name: "USB Optical Mouse"
Supported events:
  Event type 0 (EV_SYN)
  Event type 1 (EV_KEY)
    Event code 272 (BTN_LEFT)
    Event code 273 (BTN_RIGHT)
    Event code 274 (BTN_MIDDLE)
  Event type 2 (EV_REL)
    Event code 0 (REL_X)
    Event code 1 (REL_Y)
    Event code 8 (REL_WHEEL)
  Event type 4 (EV_MSC)
    Event code 4 (MSC_SCAN)
Properties:
Testing ... (interrupt to exit)
Event: time 1566835829.506410, type 2 (EV_REL), code 0 (REL_X), value 127
Event: time 1566835829.506410, -------------- SYN_REPORT ------------
Event: time 1566835829.516378, type 2 (EV_REL), code 0 (REL_X), value 127
Event: time 1566835829.516378, -------------- SYN_REPORT ------------
Event: time 1566835829.526372, type 2 (EV_REL), code 0 (REL_X), value 127
Event: time 1566835829.526372, -------------- SYN_REPORT ------------
Event: time 1566835829.536374, type 2 (EV_REL), code 0 (REL_X), value 127
Event: time 1566835829.536374, -------------- SYN_REPORT ------------
Event: time 1566835829.546376, type 2 (EV_REL), code 0 (REL_X), value 27
Event: time 1566835829.546376, -------------- SYN_REPORT ------------


Event: time 1566835834.376404, type 2 (EV_REL), code 8 (REL_WHEEL), value -1
Event: time 1566835834.376404, -------------- SYN_REPORT ------------
Event: time 1566835837.266393, type 2 (EV_REL), code 0 (REL_X), value 1
Event: time 1566835837.266393, -------------- SYN_REPORT ------------
Event: time 1566835837.276390, type 2 (EV_REL), code 1 (REL_Y), value -1
Event: time 1566835837.276390, -------------- SYN_REPORT ------------
Event: time 1566835837.286383, type 2 (EV_REL), code 0 (REL_X), value 1
Event: time 1566835837.286383, -------------- SYN_REPORT ------------
Event: time 1566835837.366385, type 2 (EV_REL), code 1 (REL_Y), value -1
Event: time 1566835837.366385, -------------- SYN_REPORT ------------
Event: time 1566835837.376385, type 2 (EV_REL), code 0 (REL_X), value -1
Event: time 1566835837.376385, -------------- SYN_REPORT ------------
Event: time 1566835837.386386, type 2 (EV_REL), code 0 (REL_X), value -3
Event: time 1566835837.386386, type 2 (EV_REL), code 1 (REL_Y), value -2
Event: time 1566835837.386386, -------------- SYN_REPORT ------------
Event: time 1566835837.396388, type 2 (EV_REL), code 0 (REL_X), value -3
Event: time 1566835837.396388, type 2 (EV_REL), code 1 (REL_Y), value -1
Event: time 1566835837.396388, -------------- SYN_REPORT ------------
Event: time 1566835837.406388, type 2 (EV_REL), code 0 (REL_X), value -3
Event: time 1566835837.406388, type 2 (EV_REL), code 1 (REL_Y), value -2
Event: time 1566835837.406388, -------------- SYN_REPORT ------------
Event: time 1566835837.416388, type 2 (EV_REL), code 0 (REL_X), value -2
Event: time 1566835837.416388, type 2 (EV_REL), code 1 (REL_Y), value -1
Event: time 1566835837.416388, -------------- SYN_REPORT ------------
Event: time 1566835837.426385, type 2 (EV_REL), code 0 (REL_X), value -2
Event: time 1566835837.426385, -------------- SYN_REPORT ------------
Event: time 1566835837.436384, type 2 (EV_REL), code 0 (REL_X), value -2
Event: time 1566835837.436384, type 2 (EV_REL), code 1 (REL_Y), value 1
Event: time 1566835837.436384, -------------- SYN_REPORT ------------
Event: time 1566835837.446385, type 2 (EV_REL), code 0 (REL_X), value -2
Event: time 1566835837.446385, -------------- SYN_REPORT ------------
Event: time 1566835837.456383, type 2 (EV_REL), code 0 (REL_X), value -1
Event: time 1566835837.456383, -------------- SYN_REPORT ------------
Event: time 1566835837.466383, type 2 (EV_REL), code 0 (REL_X), value -2
Event: time 1566835837.466383, -------------- SYN_REPORT ------------
Event: time 1566835839.176392, type 2 (EV_REL), code 0 (REL_X), value 1
Event: time 1566835839.176392, type 2 (EV_REL), code 1 (REL_Y), value -2
Event: time 1566835839.176392, -------------- SYN_REPORT ------------
Event: time 1566835839.186390, type 2 (EV_REL), code 0 (REL_X), value -9
Event: time 1566835839.186390, type 2 (EV_REL), code 1 (REL_Y), value -6
Event: time 1566835839.186390, -------------- SYN_REPORT ------------
Event: time 1566835839.196390, type 2 (EV_REL), code 0 (REL_X), value -13
Event: time 1566835839.196390, type 2 (EV_REL), code 1 (REL_Y), value -4
Event: time 1566835839.196390, -------------- SYN_REPORT ------------
Event: time 1566835839.206388, type 2 (EV_REL), code 0 (REL_X), value -14
Event: time 1566835839.206388, type 2 (EV_REL), code 1 (REL_Y), value -6
Event: time 1566835839.206388, -------------- SYN_REPORT ------------
Event: time 1566835839.216389, type 2 (EV_REL), code 0 (REL_X), value -14
Event: time 1566835839.216389, type 2 (EV_REL), code 1 (REL_Y), value -6
Event: time 1566835839.216389, -------------- SYN_REPORT ------------
Event: time 1566835839.226389, type 2 (EV_REL), code 0 (REL_X), value -15
Event: time 1566835839.226389, type 2 (EV_REL), code 1 (REL_Y), value -5
Event: time 1566835839.226389, -------------- SYN_REPORT ------------
Event: time 1566835839.236389, type 2 (EV_REL), code 0 (REL_X), value -9
Event: time 1566835839.236389, type 2 (EV_REL), code 1 (REL_Y), value -6
Event: time 1566835839.236389, -------------- SYN_REPORT ------------
Event: time 1566835839.246389, type 2 (EV_REL), code 0 (REL_X), value -2
Event: time 1566835839.246389, type 2 (EV_REL), code 1 (REL_Y), value -6
Event: time 1566835839.246389, -------------- SYN_REPORT ------------
Event: time 1566835839.256388, type 2 (EV_REL), code 0 (REL_X), value 3
Event: time 1566835839.256388, type 2 (EV_REL), code 1 (REL_Y), value -6
Event: time 1566835839.256388, -------------- SYN_REPORT ------------
Event: time 1566835839.266390, type 2 (EV_REL), code 0 (REL_X), value 8
Event: time 1566835839.266390, type 2 (EV_REL), code 1 (REL_Y), value -6
Event: time 1566835839.266390, -------------- SYN_REPORT ------------
Event: time 1566835839.276388, type 2 (EV_REL), code 0 (REL_X), value 14
Event: time 1566835839.276388, type 2 (EV_REL), code 1 (REL_Y), value -7
Event: time 1566835839.276388, -------------- SYN_REPORT ------------
Event: time 1566835839.286388, type 2 (EV_REL), code 0 (REL_X), value 19
Event: time 1566835839.286388, type 2 (EV_REL), code 1 (REL_Y), value -7
Event: time 1566835839.286388, -------------- SYN_REPORT ------------
Event: time 1566835839.296388, type 2 (EV_REL), code 0 (REL_X), value 25
Event: time 1566835839.296388, type 2 (EV_REL), code 1 (REL_Y), value -6
Event: time 1566835839.296388, -------------- SYN_REPORT ------------
Event: time 1566835839.306388, type 2 (EV_REL), code 0 (REL_X), value 29
Event: time 1566835839.306388, type 2 (EV_REL), code 1 (REL_Y), value -3
Event: time 1566835839.306388, -------------- SYN_REPORT ------------
Event: time 1566835839.316397, type 2 (EV_REL), code 0 (REL_X), value 30
Event: time 1566835839.316397, type 2 (EV_REL), code 1 (REL_Y), value -1
Event: time 1566835839.316397, -------------- SYN_REPORT ------------
Event: time 1566835839.326388, type 2 (EV_REL), code 0 (REL_X), value 28
Event: time 1566835839.326388, -------------- SYN_REPORT ------------
Event: time 1566835839.336385, type 2 (EV_REL), code 0 (REL_X), value 23
Event: time 1566835839.336385, -------------- SYN_REPORT ------------
Event: time 1566835839.346385, type 2 (EV_REL), code 0 (REL_X), value 18
Event: time 1566835839.346385, -------------- SYN_REPORT ------------
Event: time 1566835839.356386, type 2 (EV_REL), code 0 (REL_X), value 9
Event: time 1566835839.356386, type 2 (EV_REL), code 1 (REL_Y), value 3
Event: time 1566835839.356386, -------------- SYN_REPORT ------------
Event: time 1566835839.366389, type 2 (EV_REL), code 0 (REL_X), value 5
Event: time 1566835839.366389, type 2 (EV_REL), code 1 (REL_Y), value 1
Event: time 1566835839.366389, -------------- SYN_REPORT ------------
Event: time 1566835839.376387, type 2 (EV_REL), code 1 (REL_Y), value 3
Event: time 1566835839.376387, -------------- SYN_REPORT ------------
Event: time 1566835839.386387, type 2 (EV_REL), code 0 (REL_X), value -4
Event: time 1566835839.386387, type 2 (EV_REL), code 1 (REL_Y), value 1
Event: time 1566835839.386387, -------------- SYN_REPORT ------------
Event: time 1566835839.396389, type 2 (EV_REL), code 0 (REL_X), value -9
Event: time 1566835839.396389, type 2 (EV_REL), code 1 (REL_Y), value 4
Event: time 1566835839.396389, -------------- SYN_REPORT ------------
Event: time 1566835839.406389, type 2 (EV_REL), code 0 (REL_X), value -12
Event: time 1566835839.406389, type 2 (EV_REL), code 1 (REL_Y), value 2
Event: time 1566835839.406389, -------------- SYN_REPORT ------------
Event: time 1566835839.416386, type 2 (EV_REL), code 0 (REL_X), value -15
Event: time 1566835839.416386, type 2 (EV_REL), code 1 (REL_Y), value 3
Event: time 1566835839.416386, -------------- SYN_REPORT ------------
Event: time 1566835839.426385, type 2 (EV_REL), code 0 (REL_X), value -21
Event: time 1566835839.426385, type 2 (EV_REL), code 1 (REL_Y), value 3
Event: time 1566835839.426385, -------------- SYN_REPORT ------------
Event: time 1566835839.436383, type 2 (EV_REL), code 0 (REL_X), value -25
Event: time 1566835839.436383, -------------- SYN_REPORT ------------
Event: time 1566835839.446383, type 2 (EV_REL), code 0 (REL_X), value -27
Event: time 1566835839.446383, type 2 (EV_REL), code 1 (REL_Y), value 1
Event: time 1566835839.446383, -------------- SYN_REPORT ------------
Event: time 1566835839.456384, type 2 (EV_REL), code 0 (REL_X), value -26
Event: time 1566835839.456384, -------------- SYN_REPORT ------------
Event: time 1566835839.466382, type 2 (EV_REL), code 0 (REL_X), value -27
Event: time 1566835839.466382, -------------- SYN_REPORT ------------
Event: time 1566835839.476381, type 2 (EV_REL), code 0 (REL_X), value -23
Event: time 1566835839.476381, -------------- SYN_REPORT ------------
Event: time 1566835839.486384, type 2 (EV_REL), code 0 (REL_X), value -19
Event: time 1566835839.486384, type 2 (EV_REL), code 1 (REL_Y), value -1
Event: time 1566835839.486384, -------------- SYN_REPORT ------------
Event: time 1566835839.496386, type 2 (EV_REL), code 0 (REL_X), value -16
Event: time 1566835839.496386, type 2 (EV_REL), code 1 (REL_Y), value -1
Event: time 1566835839.496386, -------------- SYN_REPORT ------------
Event: time 1566835839.506387, type 2 (EV_REL), code 0 (REL_X), value -12
Event: time 1566835839.506387, type 2 (EV_REL), code 1 (REL_Y), value -1
Event: time 1566835839.506387, -------------- SYN_REPORT ------------
Event: time 1566835839.516386, type 2 (EV_REL), code 0 (REL_X), value -8
Event: time 1566835839.516386, type 2 (EV_REL), code 1 (REL_Y), value -1
Event: time 1566835839.516386, -------------- SYN_REPORT ------------
Event: time 1566835839.526383, type 2 (EV_REL), code 0 (REL_X), value -6
Event: time 1566835839.526383, -------------- SYN_REPORT ------------
Event: time 1566835839.536381, type 2 (EV_REL), code 0 (REL_X), value -3
Event: time 1566835839.536381, -------------- SYN_REPORT ------------
Event: time 1566835839.546382, type 2 (EV_REL), code 0 (REL_X), value -1
Event: time 1566835839.546382, -------------- SYN_REPORT ------------
Event: time 1566835839.666384, type 2 (EV_REL), code 1 (REL_Y), value 1
Event: time 1566835839.666384, -------------- SYN_REPORT ------------
Event: time 1566835839.816389, type 2 (EV_REL), code 0 (REL_X), value -3
Event: time 1566835839.816389, -------------- SYN_REPORT ------------
Event: time 1566835839.826386, type 2 (EV_REL), code 0 (REL_X), value -5
Event: time 1566835839.826386, type 2 (EV_REL), code 1 (REL_Y), value 2
Event: time 1566835839.826386, -------------- SYN_REPORT ------------
Event: time 1566835839.836384, type 2 (EV_REL), code 0 (REL_X), value -5
Event: time 1566835839.836384, -------------- SYN_REPORT ------------
Event: time 1566835839.846382, type 2 (EV_REL), code 0 (REL_X), value -5
Event: time 1566835839.846382, -------------- SYN_REPORT ------------
Event: time 1566835839.856381, type 2 (EV_REL), code 0 (REL_X), value -5
Event: time 1566835839.856381, -------------- SYN_REPORT ------------
Event: time 1566835839.866384, type 2 (EV_REL), code 0 (REL_X), value -3
Event: time 1566835839.866384, type 2 (EV_REL), code 1 (REL_Y), value 1
Event: time 1566835839.866384, -------------- SYN_REPORT ------------
Event: time 1566835839.876386, type 2 (EV_REL), code 0 (REL_X), value -1
Event: time 1566835839.876386, type 2 (EV_REL), code 1 (REL_Y), value 1
Event: time 1566835839.876386, -------------- SYN_REPORT ------------
Event: time 1566835839.886385, type 2 (EV_REL), code 0 (REL_X), value -1
Event: time 1566835839.886385, -------------- SYN_REPORT ------------
Event: time 1566835839.926384, type 2 (EV_REL), code 1 (REL_Y), value 1
Event: time 1566835839.926384, -------------- SYN_REPORT ------------
Event: time 1566835839.936384, type 2 (EV_REL), code 1 (REL_Y), value 3
Event: time 1566835839.936384, -------------- SYN_REPORT ------------
Event: time 1566835839.946383, type 2 (EV_REL), code 0 (REL_X), value 2
Event: time 1566835839.946383, type 2 (EV_REL), code 1 (REL_Y), value 5
Event: time 1566835839.946383, -------------- SYN_REPORT ------------
Event: time 1566835839.956385, type 2 (EV_REL), code 0 (REL_X), value 2
Event: time 1566835839.956385, type 2 (EV_REL), code 1 (REL_Y), value 4
Event: time 1566835839.956385, -------------- SYN_REPORT ------------
Event: time 1566835839.966390, type 2 (EV_REL), code 0 (REL_X), value 3
Event: time 1566835839.966390, type 2 (EV_REL), code 1 (REL_Y), value 3
Event: time 1566835839.966390, -------------- SYN_REPORT ------------
Event: time 1566835839.976386, type 2 (EV_REL), code 0 (REL_X), value 7
Event: time 1566835839.976386, type 2 (EV_REL), code 1 (REL_Y), value 5
Event: time 1566835839.976386, -------------- SYN_REPORT ------------
Event: time 1566835839.986385, type 2 (EV_REL), code 0 (REL_X), value 5
Event: time 1566835839.986385, type 2 (EV_REL), code 1 (REL_Y), value 4
Event: time 1566835839.986385, -------------- SYN_REPORT ------------
Event: time 1566835839.996384, type 2 (EV_REL), code 0 (REL_X), value 8
Event: time 1566835839.996384, type 2 (EV_REL), code 1 (REL_Y), value 4
Event: time 1566835839.996384, -------------- SYN_REPORT ------------
Event: time 1566835840.006386, type 2 (EV_REL), code 0 (REL_X), value 7
Event: time 1566835840.006386, type 2 (EV_REL), code 1 (REL_Y), value 2
Event: time 1566835840.006386, -------------- SYN_REPORT ------------
Event: time 1566835840.016388, type 2 (EV_REL), code 0 (REL_X), value 8
Event: time 1566835840.016388, type 2 (EV_REL), code 1 (REL_Y), value 3
Event: time 1566835840.016388, -------------- SYN_REPORT ------------
Event: time 1566835840.026387, type 2 (EV_REL), code 0 (REL_X), value 6
Event: time 1566835840.026387, -------------- SYN_REPORT ------------
Event: time 1566835840.036384, type 2 (EV_REL), code 0 (REL_X), value 7
Event: time 1566835840.036384, type 2 (EV_REL), code 1 (REL_Y), value 1
Event: time 1566835840.036384, -------------- SYN_REPORT ------------
Event: time 1566835840.046384, type 2 (EV_REL), code 0 (REL_X), value 5
Event: time 1566835840.046384, -------------- SYN_REPORT ------------
Event: time 1566835840.056386, type 2 (EV_REL), code 0 (REL_X), value 4
Event: time 1566835840.056386, type 2 (EV_REL), code 1 (REL_Y), value -1
Event: time 1566835840.056386, -------------- SYN_REPORT ------------
Event: time 1566835840.066389, type 2 (EV_REL), code 0 (REL_X), value 1
Event: time 1566835840.066389, type 2 (EV_REL), code 1 (REL_Y), value -1
Event: time 1566835840.066389, -------------- SYN_REPORT ------------
Event: time 1566835840.076384, type 2 (EV_REL), code 0 (REL_X), value 1
Event: time 1566835840.076384, -------------- SYN_REPORT ------------
Event: time 1566835840.096380, type 2 (EV_REL), code 0 (REL_X), value 1
Event: time 1566835840.096380, -------------- SYN_REPORT ------------
Event: time 1566835840.466382, type 2 (EV_REL), code 0 (REL_X), value 1
Event: time 1566835840.466382, -------------- SYN_REPORT ------------
Event: time 1566835841.016393, type 2 (EV_REL), code 0 (REL_X), value -1
Event: time 1566835841.016393, type 2 (EV_REL), code 1 (REL_Y), value 1
Event: time 1566835841.016393, -------------- SYN_REPORT ------------
Event: time 1566835841.026394, type 2 (EV_REL), code 0 (REL_X), value -1
Event: time 1566835841.026394, type 2 (EV_REL), code 1 (REL_Y), value 2
Event: time 1566835841.026394, -------------- SYN_REPORT ------------
Event: time 1566835841.036391, type 2 (EV_REL), code 1 (REL_Y), value 3
Event: time 1566835841.036391, -------------- SYN_REPORT ------------
Event: time 1566835841.046388, type 2 (EV_REL), code 0 (REL_X), value 1
Event: time 1566835841.046388, type 2 (EV_REL), code 1 (REL_Y), value 3
Event: time 1566835841.046388, -------------- SYN_REPORT ------------
Event: time 1566835841.056390, type 2 (EV_REL), code 0 (REL_X), value 2
Event: time 1566835841.056390, type 2 (EV_REL), code 1 (REL_Y), value 4
Event: time 1566835841.056390, -------------- SYN_REPORT ------------
Event: time 1566835841.066390, type 2 (EV_REL), code 0 (REL_X), value 4
Event: time 1566835841.066390, type 2 (EV_REL), code 1 (REL_Y), value 5
Event: time 1566835841.066390, -------------- SYN_REPORT ------------
Event: time 1566835841.076388, type 2 (EV_REL), code 0 (REL_X), value 7
Event: time 1566835841.076388, type 2 (EV_REL), code 1 (REL_Y), value 7
Event: time 1566835841.076388, -------------- SYN_REPORT ------------
Event: time 1566835841.086388, type 2 (EV_REL), code 0 (REL_X), value 7
Event: time 1566835841.086388, type 2 (EV_REL), code 1 (REL_Y), value 6
Event: time 1566835841.086388, -------------- SYN_REPORT ------------
Event: time 1566835841.096389, type 2 (EV_REL), code 0 (REL_X), value 12
Event: time 1566835841.096389, type 2 (EV_REL), code 1 (REL_Y), value 6
Event: time 1566835841.096389, -------------- SYN_REPORT ------------
Event: time 1566835841.106388, type 2 (EV_REL), code 0 (REL_X), value 13
Event: time 1566835841.106388, type 2 (EV_REL), code 1 (REL_Y), value 5
Event: time 1566835841.106388, -------------- SYN_REPORT ------------
Event: time 1566835841.116388, type 2 (EV_REL), code 0 (REL_X), value 14
Event: time 1566835841.116388, type 2 (EV_REL), code 1 (REL_Y), value 6
Event: time 1566835841.116388, -------------- SYN_REPORT ------------
Event: time 1566835841.126387, type 2 (EV_REL), code 0 (REL_X), value 14
Event: time 1566835841.126387, type 2 (EV_REL), code 1 (REL_Y), value 5
Event: time 1566835841.126387, -------------- SYN_REPORT ------------
Event: time 1566835841.136387, type 2 (EV_REL), code 0 (REL_X), value 15
Event: time 1566835841.136387, type 2 (EV_REL), code 1 (REL_Y), value 4
Event: time 1566835841.136387, -------------- SYN_REPORT ------------
Event: time 1566835841.146387, type 2 (EV_REL), code 0 (REL_X), value 13
Event: time 1566835841.146387, type 2 (EV_REL), code 1 (REL_Y), value 4
Event: time 1566835841.146387, -------------- SYN_REPORT ------------
Event: time 1566835841.156387, type 2 (EV_REL), code 0 (REL_X), value 17
Event: time 1566835841.156387, type 2 (EV_REL), code 1 (REL_Y), value 4
Event: time 1566835841.156387, -------------- SYN_REPORT ------------
Event: time 1566835841.166387, type 2 (EV_REL), code 0 (REL_X), value 13
Event: time 1566835841.166387, type 2 (EV_REL), code 1 (REL_Y), value 5
Event: time 1566835841.166387, -------------- SYN_REPORT ------------
Event: time 1566835841.176388, type 2 (EV_REL), code 0 (REL_X), value 16
Event: time 1566835841.176388, type 2 (EV_REL), code 1 (REL_Y), value 7
Event: time 1566835841.176388, -------------- SYN_REPORT ------------
Event: time 1566835841.186386, type 2 (EV_REL), code 0 (REL_X), value 15
Event: time 1566835841.186386, type 2 (EV_REL), code 1 (REL_Y), value 6
Event: time 1566835841.186386, -------------- SYN_REPORT ------------
Event: time 1566835841.196387, type 2 (EV_REL), code 0 (REL_X), value 11
Event: time 1566835841.196387, type 2 (EV_REL), code 1 (REL_Y), value 5
Event: time 1566835841.196387, -------------- SYN_REPORT ------------
Event: time 1566835841.206387, type 2 (EV_REL), code 0 (REL_X), value 12
Event: time 1566835841.206387, type 2 (EV_REL), code 1 (REL_Y), value 7
Event: time 1566835841.206387, -------------- SYN_REPORT ------------
Event: time 1566835841.216387, type 2 (EV_REL), code 0 (REL_X), value 8
Event: time 1566835841.216387, type 2 (EV_REL), code 1 (REL_Y), value 5
Event: time 1566835841.216387, -------------- SYN_REPORT ------------
Event: time 1566835841.226387, type 2 (EV_REL), code 0 (REL_X), value 7
Event: time 1566835841.226387, type 2 (EV_REL), code 1 (REL_Y), value 5
Event: time 1566835841.226387, -------------- SYN_REPORT ------------
Event: time 1566835841.236387, type 2 (EV_REL), code 0 (REL_X), value 6
Event: time 1566835841.236387, type 2 (EV_REL), code 1 (REL_Y), value 4
Event: time 1566835841.236387, -------------- SYN_REPORT ------------
Event: time 1566835841.246387, type 2 (EV_REL), code 0 (REL_X), value 6
Event: time 1566835841.246387, type 2 (EV_REL), code 1 (REL_Y), value 3
Event: time 1566835841.246387, -------------- SYN_REPORT ------------
Event: time 1566835841.256385, type 2 (EV_REL), code 0 (REL_X), value 3
Event: time 1566835841.256385, type 2 (EV_REL), code 1 (REL_Y), value 2
Event: time 1566835841.256385, -------------- SYN_REPORT ------------
Event: time 1566835841.266381, type 2 (EV_REL), code 0 (REL_X), value 2
Event: time 1566835841.266381, type 2 (EV_REL), code 1 (REL_Y), value 2
Event: time 1566835841.266381, -------------- SYN_REPORT ------------
Event: time 1566835841.276384, type 2 (EV_REL), code 1 (REL_Y), value 1
Event: time 1566835841.276384, -------------- SYN_REPORT ------------
Event: time 1566835841.296382, type 2 (EV_REL), code 1 (REL_Y), value 1
Event: time 1566835841.296382, -------------- SYN_REPORT ------------
Event: time 1566835841.306385, type 2 (EV_REL), code 0 (REL_X), value -1
Event: time 1566835841.306385, -------------- SYN_REPORT ------------
Event: time 1566835841.356385, type 2 (EV_REL), code 0 (REL_X), value -1
Event: time 1566835841.356385, -------------- SYN_REPORT ------------
Event: time 1566835841.496386, type 2 (EV_REL), code 0 (REL_X), value -1
Event: time 1566835841.496386, -------------- SYN_REPORT ------------
Event: time 1566835841.556386, type 2 (EV_REL), code 0 (REL_X), value -1
Event: time 1566835841.556386, -------------- SYN_REPORT ------------
Event: time 1566835841.596392, type 2 (EV_REL), code 0 (REL_X), value -1
Event: time 1566835841.596392, -------------- SYN_REPORT ------------
Event: time 1566835841.636385, type 2 (EV_REL), code 0 (REL_X), value -1
Event: time 1566835841.636385, -------------- SYN_REPORT ------------
Event: time 1566835841.676386, type 2 (EV_REL), code 0 (REL_X), value -1
Event: time 1566835841.676386, -------------- SYN_REPORT ------------
Event: time 1566835841.686386, type 2 (EV_REL), code 0 (REL_X), value -1
Event: time 1566835841.686386, -------------- SYN_REPORT ------------
Event: time 1566835841.696384, type 2 (EV_REL), code 0 (REL_X), value -1
Event: time 1566835841.696384, -------------- SYN_REPORT ------------
Event: time 1566835841.706384, type 2 (EV_REL), code 0 (REL_X), value -1
Event: time 1566835841.706384, -------------- SYN_REPORT ------------
Event: time 1566835841.716385, type 2 (EV_REL), code 0 (REL_X), value -1
Event: time 1566835841.716385, -------------- SYN_REPORT ------------
Event: time 1566835843.246398, type 2 (EV_REL), code 0 (REL_X), value 1
Event: time 1566835843.246398, type 2 (EV_REL), code 1 (REL_Y), value -1
Event: time 1566835843.246398, -------------- SYN_REPORT ------------
Event: time 1566835843.256392, type 2 (EV_REL), code 0 (REL_X), value 2
Event: time 1566835843.256392, -------------- SYN_REPORT ------------
Event: time 1566835843.266392, type 2 (EV_REL), code 0 (REL_X), value 1
Event: time 1566835843.266392, type 2 (EV_REL), code 1 (REL_Y), value -1
Event: time 1566835843.266392, -------------- SYN_REPORT ------------
Event: time 1566835843.276391, type 2 (EV_REL), code 0 (REL_X), value 2
Event: time 1566835843.276391, -------------- SYN_REPORT ------------
Event: time 1566835843.286390, type 2 (EV_REL), code 0 (REL_X), value 2
Event: time 1566835843.286390, type 2 (EV_REL), code 1 (REL_Y), value -1
Event: time 1566835843.286390, -------------- SYN_REPORT ------------
Event: time 1566835843.296390, type 2 (EV_REL), code 0 (REL_X), value 1
Event: time 1566835843.296390, -------------- SYN_REPORT ------------
Event: time 1566835843.316393, type 2 (EV_REL), code 0 (REL_X), value 2
Event: time 1566835843.316393, type 2 (EV_REL), code 1 (REL_Y), value -1
Event: time 1566835843.316393, -------------- SYN_REPORT ------------
Event: time 1566835843.326391, type 2 (EV_REL), code 0 (REL_X), value 1
Event: time 1566835843.326391, -------------- SYN_REPORT ------------
Event: time 1566835843.336387, type 2 (EV_REL), code 0 (REL_X), value 1
Event: time 1566835843.336387, -------------- SYN_REPORT ------------
Event: time 1566835843.356387, type 2 (EV_REL), code 0 (REL_X), value 1
Event: time 1566835843.356387, -------------- SYN_REPORT ------------
Event: time 1566835843.366394, type 2 (EV_REL), code 0 (REL_X), value 2
Event: time 1566835843.366394, type 2 (EV_REL), code 1 (REL_Y), value -1
Event: time 1566835843.366394, -------------- SYN_REPORT ------------
Event: time 1566835843.376391, type 2 (EV_REL), code 0 (REL_X), value 1
Event: time 1566835843.376391, -------------- SYN_REPORT ------------
Event: time 1566835843.386390, type 2 (EV_REL), code 0 (REL_X), value 1
Event: time 1566835843.386390, type 2 (EV_REL), code 1 (REL_Y), value -1
Event: time 1566835843.386390, -------------- SYN_REPORT ------------
Event: time 1566835843.396393, type 2 (EV_REL), code 0 (REL_X), value 1
Event: time 1566835843.396393, type 2 (EV_REL), code 1 (REL_Y), value -1
Event: time 1566835843.396393, -------------- SYN_REPORT ------------
Event: time 1566835843.406393, type 2 (EV_REL), code 0 (REL_X), value 2
Event: time 1566835843.406393, type 2 (EV_REL), code 1 (REL_Y), value -1
Event: time 1566835843.406393, -------------- SYN_REPORT ------------
Event: time 1566835843.416394, type 2 (EV_REL), code 0 (REL_X), value 4
Event: time 1566835843.416394, type 2 (EV_REL), code 1 (REL_Y), value -2
Event: time 1566835843.416394, -------------- SYN_REPORT ------------
Event: time 1566835843.426394, type 2 (EV_REL), code 0 (REL_X), value 3
Event: time 1566835843.426394, type 2 (EV_REL), code 1 (REL_Y), value -3
Event: time 1566835843.426394, -------------- SYN_REPORT ------------
Event: time 1566835843.436393, type 2 (EV_REL), code 0 (REL_X), value 5
Event: time 1566835843.436393, type 2 (EV_REL), code 1 (REL_Y), value -6
Event: time 1566835843.436393, -------------- SYN_REPORT ------------
Event: time 1566835843.446394, type 2 (EV_REL), code 0 (REL_X), value 6
Event: time 1566835843.446394, type 2 (EV_REL), code 1 (REL_Y), value -6
Event: time 1566835843.446394, -------------- SYN_REPORT ------------
Event: time 1566835843.456393, type 2 (EV_REL), code 0 (REL_X), value 8
Event: time 1566835843.456393, type 2 (EV_REL), code 1 (REL_Y), value -8
Event: time 1566835843.456393, -------------- SYN_REPORT ------------
Event: time 1566835843.466393, type 2 (EV_REL), code 0 (REL_X), value 7
Event: time 1566835843.466393, type 2 (EV_REL), code 1 (REL_Y), value -7
Event: time 1566835843.466393, -------------- SYN_REPORT ------------
Event: time 1566835843.476393, type 2 (EV_REL), code 0 (REL_X), value 8
Event: time 1566835843.476393, type 2 (EV_REL), code 1 (REL_Y), value -7
Event: time 1566835843.476393, -------------- SYN_REPORT ------------
Event: time 1566835843.486393, type 2 (EV_REL), code 0 (REL_X), value 7
Event: time 1566835843.486393, type 2 (EV_REL), code 1 (REL_Y), value -9
Event: time 1566835843.486393, -------------- SYN_REPORT ------------
Event: time 1566835843.496394, type 2 (EV_REL), code 0 (REL_X), value 5
Event: time 1566835843.496394, type 2 (EV_REL), code 1 (REL_Y), value -9
Event: time 1566835843.496394, -------------- SYN_REPORT ------------
Event: time 1566835843.506391, type 2 (EV_REL), code 1 (REL_Y), value -9
Event: time 1566835843.506391, -------------- SYN_REPORT ------------
Event: time 1566835843.516390, type 2 (EV_REL), code 1 (REL_Y), value -10
Event: time 1566835843.516390, -------------- SYN_REPORT ------------
Event: time 1566835843.526389, type 2 (EV_REL), code 1 (REL_Y), value -10
Event: time 1566835843.526389, -------------- SYN_REPORT ------------
Event: time 1566835843.536389, type 2 (EV_REL), code 1 (REL_Y), value -11
Event: time 1566835843.536389, -------------- SYN_REPORT ------------
Event: time 1566835844.126391, >>>>>>>>>>>>>> SYN_DROPPED <<<<<<<<<<<<
Event: time 1566835844.126391, type 2 (EV_REL), code 0 (REL_X), value -15
Event: time 1566835844.126391, type 2 (EV_REL), code 1 (REL_Y), value -12
Event: time 1566835844.126391, -------------- SYN_REPORT ------------
Event: time 1566835844.136391, type 2 (EV_REL), code 0 (REL_X), value -13
Event: time 1566835844.136391, type 2 (EV_REL), code 1 (REL_Y), value -14
Event: time 1566835844.136391, -------------- SYN_REPORT ------------
Event: time 1566835844.146396, type 2 (EV_REL), code 0 (REL_X), value -14
Event: time 1566835844.146396, type 2 (EV_REL), code 1 (REL_Y), value -15
Event: time 1566835844.146396, -------------- SYN_REPORT ------------
Event: time 1566835844.156396, type 2 (EV_REL), code 0 (REL_X), value -10
Event: time 1566835844.156396, type 2 (EV_REL), code 1 (REL_Y), value -13
Event: time 1566835844.156396, -------------- SYN_REPORT ------------
Event: time 1566835844.166395, type 2 (EV_REL), code 0 (REL_X), value -7
Event: time 1566835844.166395, type 2 (EV_REL), code 1 (REL_Y), value -15
Event: time 1566835844.166395, -------------- SYN_REPORT ------------
Event: time 1566835844.176395, type 2 (EV_REL), code 0 (REL_X), value -6
Event: time 1566835844.176395, type 2 (EV_REL), code 1 (REL_Y), value -16
Event: time 1566835844.176395, -------------- SYN_REPORT ------------
Event: time 1566835844.186395, type 2 (EV_REL), code 0 (REL_X), value -6
Event: time 1566835844.186395, type 2 (EV_REL), code 1 (REL_Y), value -15
Event: time 1566835844.186395, -------------- SYN_REPORT ------------
Event: time 1566835844.196394, type 2 (EV_REL), code 0 (REL_X), value -2
Event: time 1566835844.196394, type 2 (EV_REL), code 1 (REL_Y), value -16
Event: time 1566835844.196394, -------------- SYN_REPORT ------------
Event: time 1566835844.206395, type 2 (EV_REL), code 0 (REL_X), value -3
Event: time 1566835844.206395, type 2 (EV_REL), code 1 (REL_Y), value -16
Event: time 1566835844.206395, -------------- SYN_REPORT ------------
Event: time 1566835844.216395, type 2 (EV_REL), code 0 (REL_X), value -2
Event: time 1566835844.216395, type 2 (EV_REL), code 1 (REL_Y), value -15
Event: time 1566835844.216395, -------------- SYN_REPORT ------------
Event: time 1566835844.226395, type 2 (EV_REL), code 0 (REL_X), value -2
Event: time 1566835844.226395, type 2 (EV_REL), code 1 (REL_Y), value -13
Event: time 1566835844.226395, -------------- SYN_REPORT ------------
Event: time 1566835844.236397, type 2 (EV_REL), code 0 (REL_X), value -5
Event: time 1566835844.236397, type 2 (EV_REL), code 1 (REL_Y), value -13
Event: time 1566835844.236397, -------------- SYN_REPORT ------------
Event: time 1566835844.246395, type 2 (EV_REL), code 0 (REL_X), value -9
Event: time 1566835844.246395, type 2 (EV_REL), code 1 (REL_Y), value -13
Event: time 1566835844.246395, -------------- SYN_REPORT ------------
Event: time 1566835844.256395, type 2 (EV_REL), code 0 (REL_X), value -14
Event: time 1566835844.256395, type 2 (EV_REL), code 1 (REL_Y), value -13
Event: time 1566835844.256395, -------------- SYN_REPORT ------------
Event: time 1566835844.266394, type 2 (EV_REL), code 0 (REL_X), value -15
Event: time 1566835844.266394, type 2 (EV_REL), code 1 (REL_Y), value -12
Event: time 1566835844.266394, -------------- SYN_REPORT ------------
Event: time 1566835844.276394, type 2 (EV_REL), code 0 (REL_X), value -19
Event: time 1566835844.276394, type 2 (EV_REL), code 1 (REL_Y), value -12
Event: time 1566835844.276394, -------------- SYN_REPORT ------------
Event: time 1566835844.286395, type 2 (EV_REL), code 0 (REL_X), value -21
Event: time 1566835844.286395, type 2 (EV_REL), code 1 (REL_Y), value -12
Event: time 1566835844.286395, -------------- SYN_REPORT ------------
Event: time 1566835844.296396, type 2 (EV_REL), code 0 (REL_X), value -22
Event: time 1566835844.296396, type 2 (EV_REL), code 1 (REL_Y), value -11
Event: time 1566835844.296396, -------------- SYN_REPORT ------------
Event: time 1566835844.306394, type 2 (EV_REL), code 0 (REL_X), value -17
Event: time 1566835844.306394, type 2 (EV_REL), code 1 (REL_Y), value -12
Event: time 1566835844.306394, -------------- SYN_REPORT ------------
Event: time 1566835844.316395, type 2 (EV_REL), code 0 (REL_X), value -16
Event: time 1566835844.316395, type 2 (EV_REL), code 1 (REL_Y), value -9
Event: time 1566835844.316395, -------------- SYN_REPORT ------------
Event: time 1566835844.326399, type 2 (EV_REL), code 0 (REL_X), value -10
Event: time 1566835844.326399, type 2 (EV_REL), code 1 (REL_Y), value -7
Event: time 1566835844.326399, -------------- SYN_REPORT ------------
Event: time 1566835844.336397, type 2 (EV_REL), code 0 (REL_X), value -3
Event: time 1566835844.336397, type 2 (EV_REL), code 1 (REL_Y), value -7
Event: time 1566835844.336397, -------------- SYN_REPORT ------------
Event: time 1566835844.346394, type 2 (EV_REL), code 0 (REL_X), value 6
Event: time 1566835844.346394, type 2 (EV_REL), code 1 (REL_Y), value -7
Event: time 1566835844.346394, -------------- SYN_REPORT ------------
Event: time 1566835844.356392, type 2 (EV_REL), code 0 (REL_X), value 13
Event: time 1566835844.356392, type 2 (EV_REL), code 1 (REL_Y), value -7
Event: time 1566835844.356392, -------------- SYN_REPORT ------------
Event: time 1566835844.366392, type 2 (EV_REL), code 0 (REL_X), value 20
Event: time 1566835844.366392, type 2 (EV_REL), code 1 (REL_Y), value -6
Event: time 1566835844.366392, -------------- SYN_REPORT ------------
Event: time 1566835844.376392, type 2 (EV_REL), code 0 (REL_X), value 31
Event: time 1566835844.376392, type 2 (EV_REL), code 1 (REL_Y), value -4
Event: time 1566835844.376392, -------------- SYN_REPORT ------------
Event: time 1566835844.386391, type 2 (EV_REL), code 0 (REL_X), value 38
Event: time 1566835844.386391, type 2 (EV_REL), code 1 (REL_Y), value -4
Event: time 1566835844.386391, -------------- SYN_REPORT ------------
Event: time 1566835844.396391, type 2 (EV_REL), code 0 (REL_X), value 44
Event: time 1566835844.396391, type 2 (EV_REL), code 1 (REL_Y), value -3
Event: time 1566835844.396391, -------------- SYN_REPORT ------------
Event: time 1566835844.406391, type 2 (EV_REL), code 0 (REL_X), value 45
Event: time 1566835844.406391, type 2 (EV_REL), code 1 (REL_Y), value -3
Event: time 1566835844.406391, -------------- SYN_REPORT ------------
Event: time 1566835844.416389, type 2 (EV_REL), code 0 (REL_X), value 47
Event: time 1566835844.416389, -------------- SYN_REPORT ------------
Event: time 1566835844.426388, type 2 (EV_REL), code 0 (REL_X), value 46
Event: time 1566835844.426388, -------------- SYN_REPORT ------------
Event: time 1566835844.436389, type 2 (EV_REL), code 0 (REL_X), value 37
Event: time 1566835844.436389, type 2 (EV_REL), code 1 (REL_Y), value 4
Event: time 1566835844.436389, -------------- SYN_REPORT ------------
Event: time 1566835844.446391, type 2 (EV_REL), code 0 (REL_X), value 27
Event: time 1566835844.446391, type 2 (EV_REL), code 1 (REL_Y), value 7
Event: time 1566835844.446391, -------------- SYN_REPORT ------------
Event: time 1566835844.456390, type 2 (EV_REL), code 0 (REL_X), value 16
Event: time 1566835844.456390, type 2 (EV_REL), code 1 (REL_Y), value 8
Event: time 1566835844.456390, -------------- SYN_REPORT ------------
Event: time 1566835844.466390, type 2 (EV_REL), code 0 (REL_X), value 6
Event: time 1566835844.466390, type 2 (EV_REL), code 1 (REL_Y), value 8
Event: time 1566835844.466390, -------------- SYN_REPORT ------------
Event: time 1566835844.476391, type 2 (EV_REL), code 0 (REL_X), value -4
Event: time 1566835844.476391, type 2 (EV_REL), code 1 (REL_Y), value 10
Event: time 1566835844.476391, -------------- SYN_REPORT ------------
Event: time 1566835844.486391, type 2 (EV_REL), code 0 (REL_X), value -11
Event: time 1566835844.486391, type 2 (EV_REL), code 1 (REL_Y), value 10
Event: time 1566835844.486391, -------------- SYN_REPORT ------------
Event: time 1566835844.496391, type 2 (EV_REL), code 0 (REL_X), value -17
Event: time 1566835844.496391, type 2 (EV_REL), code 1 (REL_Y), value 13
Event: time 1566835844.496391, -------------- SYN_REPORT ------------
Event: time 1566835844.506390, type 2 (EV_REL), code 0 (REL_X), value -28
Event: time 1566835844.506390, type 2 (EV_REL), code 1 (REL_Y), value 12
Event: time 1566835844.506390, -------------- SYN_REPORT ------------
Event: time 1566835844.516390, type 2 (EV_REL), code 0 (REL_X), value -34
Event: time 1566835844.516390, type 2 (EV_REL), code 1 (REL_Y), value 6
Event: time 1566835844.516390, -------------- SYN_REPORT ------------
Event: time 1566835844.526392, type 2 (EV_REL), code 0 (REL_X), value -40
Event: time 1566835844.526392, type 2 (EV_REL), code 1 (REL_Y), value 3
Event: time 1566835844.526392, -------------- SYN_REPORT ------------
Event: time 1566835844.536389, type 2 (EV_REL), code 0 (REL_X), value -42
Event: time 1566835844.536389, -------------- SYN_REPORT ------------
Event: time 1566835844.546390, type 2 (EV_REL), code 0 (REL_X), value -43
Event: time 1566835844.546390, type 2 (EV_REL), code 1 (REL_Y), value 1
Event: time 1566835844.546390, -------------- SYN_REPORT ------------
Event: time 1566835844.556390, type 2 (EV_REL), code 0 (REL_X), value -37
Event: time 1566835844.556390, type 2 (EV_REL), code 1 (REL_Y), value 1
Event: time 1566835844.556390, -------------- SYN_REPORT ------------
Event: time 1566835844.566389, type 2 (EV_REL), code 0 (REL_X), value -31
Event: time 1566835844.566389, -------------- SYN_REPORT ------------
Event: time 1566835844.576390, type 2 (EV_REL), code 0 (REL_X), value -17
Event: time 1566835844.576390, type 2 (EV_REL), code 1 (REL_Y), value -2
Event: time 1566835844.576390, -------------- SYN_REPORT ------------
Event: time 1566835844.586392, type 2 (EV_REL), code 0 (REL_X), value -7
Event: time 1566835844.586392, type 2 (EV_REL), code 1 (REL_Y), value -1
Event: time 1566835844.586392, -------------- SYN_REPORT ------------
Event: time 1566835844.606391, type 2 (EV_REL), code 0 (REL_X), value 5
Event: time 1566835844.606391, type 2 (EV_REL), code 1 (REL_Y), value -2
Event: time 1566835844.606391, -------------- SYN_REPORT ------------
Event: time 1566835844.616391, type 2 (EV_REL), code 0 (REL_X), value 11
Event: time 1566835844.616391, type 2 (EV_REL), code 1 (REL_Y), value -5
Event: time 1566835844.616391, -------------- SYN_REPORT ------------
Event: time 1566835844.626390, type 2 (EV_REL), code 0 (REL_X), value 16
Event: time 1566835844.626390, type 2 (EV_REL), code 1 (REL_Y), value -7
Event: time 1566835844.626390, -------------- SYN_REPORT ------------
Event: time 1566835844.636390, type 2 (EV_REL), code 0 (REL_X), value 18
Event: time 1566835844.636390, type 2 (EV_REL), code 1 (REL_Y), value -7
Event: time 1566835844.636390, -------------- SYN_REPORT ------------
Event: time 1566835844.646392, type 2 (EV_REL), code 0 (REL_X), value 15
Event: time 1566835844.646392, type 2 (EV_REL), code 1 (REL_Y), value -4
Event: time 1566835844.646392, -------------- SYN_REPORT ------------
Event: time 1566835844.656391, type 2 (EV_REL), code 0 (REL_X), value 10
Event: time 1566835844.656391, type 2 (EV_REL), code 1 (REL_Y), value -5
Event: time 1566835844.656391, -------------- SYN_REPORT ------------
Event: time 1566835844.666392, type 2 (EV_REL), code 0 (REL_X), value 1
Event: time 1566835844.666392, type 2 (EV_REL), code 1 (REL_Y), value -4
Event: time 1566835844.666392, -------------- SYN_REPORT ------------
Event: time 1566835845.846405, type 2 (EV_REL), code 0 (REL_X), value -1
Event: time 1566835845.846405, -------------- SYN_REPORT ------------
Event: time 1566835845.856399, type 2 (EV_REL), code 0 (REL_X), value -5
Event: time 1566835845.856399, type 2 (EV_REL), code 1 (REL_Y), value -2
Event: time 1566835845.856399, -------------- SYN_REPORT ------------
Event: time 1566835845.866397, type 2 (EV_REL), code 0 (REL_X), value 24
Event: time 1566835845.866397, type 2 (EV_REL), code 1 (REL_Y), value 1
Event: time 1566835845.866397, -------------- SYN_REPORT ------------
Event: time 1566835845.876396, type 2 (EV_REL), code 0 (REL_X), value 38
Event: time 1566835845.876396, type 2 (EV_REL), code 1 (REL_Y), value -6
Event: time 1566835845.876396, -------------- SYN_REPORT ------------
Event: time 1566835845.886397, type 2 (EV_REL), code 0 (REL_X), value 49
Event: time 1566835845.886397, type 2 (EV_REL), code 1 (REL_Y), value -12
Event: time 1566835845.886397, -------------- SYN_REPORT ------------
Event: time 1566835845.896395, type 2 (EV_REL), code 0 (REL_X), value 34
Event: time 1566835845.896395, type 2 (EV_REL), code 1 (REL_Y), value -30
Event: time 1566835845.896395, -------------- SYN_REPORT ------------
Event: time 1566835845.906396, type 2 (EV_REL), code 0 (REL_X), value 33
Event: time 1566835845.906396, type 2 (EV_REL), code 1 (REL_Y), value -15
Event: time 1566835845.906396, -------------- SYN_REPORT ------------
Event: time 1566835845.916396, type 2 (EV_REL), code 0 (REL_X), value 30
Event: time 1566835845.916396, type 2 (EV_REL), code 1 (REL_Y), value -7
Event: time 1566835845.916396, -------------- SYN_REPORT ------------
Event: time 1566835845.926396, type 2 (EV_REL), code 0 (REL_X), value 48
Event: time 1566835845.926396, type 2 (EV_REL), code 1 (REL_Y), value 15
Event: time 1566835845.926396, -------------- SYN_REPORT ------------
Event: time 1566835845.936394, type 2 (EV_REL), code 0 (REL_X), value 57
Event: time 1566835845.936394, type 2 (EV_REL), code 1 (REL_Y), value 21
Event: time 1566835845.936394, -------------- SYN_REPORT ------------
Event: time 1566835845.946392, type 2 (EV_REL), code 0 (REL_X), value 38
Event: time 1566835845.946392, type 2 (EV_REL), code 1 (REL_Y), value 5
Event: time 1566835845.946392, -------------- SYN_REPORT ------------
Event: time 1566835845.956392, type 2 (EV_REL), code 0 (REL_X), value 53
Event: time 1566835845.956392, type 2 (EV_REL), code 1 (REL_Y), value -8
Event: time 1566835845.956392, -------------- SYN_REPORT ------------
Event: time 1566835845.966392, type 2 (EV_REL), code 0 (REL_X), value 46
Event: time 1566835845.966392, type 2 (EV_REL), code 1 (REL_Y), value -16
Event: time 1566835845.966392, -------------- SYN_REPORT ------------
Event: time 1566835845.976392, type 2 (EV_REL), code 0 (REL_X), value 48
Event: time 1566835845.976392, type 2 (EV_REL), code 1 (REL_Y), value -31
Event: time 1566835845.976392, -------------- SYN_REPORT ------------
Event: time 1566835845.986392, type 2 (EV_REL), code 0 (REL_X), value 39
Event: time 1566835845.986392, type 2 (EV_REL), code 1 (REL_Y), value -37
Event: time 1566835845.986392, -------------- SYN_REPORT ------------
Event: time 1566835845.996392, type 2 (EV_REL), code 0 (REL_X), value 13
Event: time 1566835845.996392, type 2 (EV_REL), code 1 (REL_Y), value -7
Event: time 1566835845.996392, -------------- SYN_REPORT ------------
Event: time 1566835846.006393, type 2 (EV_REL), code 0 (REL_X), value -3
Event: time 1566835846.006393, type 2 (EV_REL), code 1 (REL_Y), value -6
Event: time 1566835846.006393, -------------- SYN_REPORT ------------
Event: time 1566835846.016394, type 2 (EV_REL), code 1 (REL_Y), value -6
Event: time 1566835846.016394, -------------- SYN_REPORT ------------
Event: time 1566835846.026392, type 2 (EV_REL), code 1 (REL_Y), value -3
Event: time 1566835846.026392, -------------- SYN_REPORT ------------
^Croot@adsp-sc589-ezkit:/usr/share# ls 
X11              avahi            dbus-1           fontconfig       info             luajit-2.0.5     misc             sounds           xml
alsa             awk              dict             icons            libdrm           man              oprofile         tabset
applications     ca-certificates  ffmpeg           include          locale           mime             pci.ids.gz       udhcpc
root@adsp-sc589-ezkit:/usr/share# cd i
icons/   include/ info/    
root@adsp-sc589-ezkit:/usr/share# cd in
include/ info/    
root@adsp-sc589-ezkit:/usr/share# find calendarwidget
find: calendarwidget: No such file or directory
root@adsp-sc589-ezkit:/usr/share# find name = calendarwidget                                                                                                                                                
find: name: No such file or directory
find: =: No such file or directory
find: calendarwidget: No such file or directory
root@adsp-sc589-ezkit:/usr/share# find name= calendarwidget
find: name=: No such file or directory
find: calendarwidget: No such file or directory
root@adsp-sc589-ezkit:/usr/share# cd ..
root@adsp-sc589-ezkit:/usr# find --help            
BusyBox v1.29.3 (2019-08-13 17:07:52 UTC) multi-call binary.

Usage: find [-HL] [PATH]... [OPTIONS] [ACTIONS]

Search for files and perform actions on them.
First failed action stops processing of current file.
Defaults: PATH is current directory, action is '-print'

        -L,-follow      Follow symlinks
        -H              ...on command line only
        -xdev           Don't descend directories on other filesystems
        -maxdepth N     Descend at most N levels. -maxdepth 0 applies
                        actions to command line arguments only
        -mindepth N     Don't act on first N levels
        -depth          Act on directory *after* traversing it

Actions:
        ( ACTIONS )     Group actions for -o / -a
        ! ACT           Invert ACT's success/failure
        ACT1 [-a] ACT2  If ACT1 fails, stop, else do ACT2
        ACT1 -o ACT2    If ACT1 succeeds, stop, else do ACT2
                        Note: -a has higher priority than -o
        -name PATTERN   Match file name (w/o directory name) to PATTERN
        -iname PATTERN  Case insensitive -name
        -path PATTERN   Match path to PATTERN
        -ipath PATTERN  Case insensitive -path
        -regex PATTERN  Match path to regex PATTERN
        -type X         File type is X (one of: f,d,l,b,c,s,p)
        -perm MASK      At least one mask bit (+MASK), all bits (-MASK),
                        or exactly MASK bits are set in file's mode
        -mtime DAYS     mtime is greater than (+N), less than (-N),
                        or exactly N days in the past
        -mmin MINS      mtime is greater than (+N), less than (-N),
                        or exactly N minutes in the past
        -newer FILE     mtime is more recent than FILE's
        -user NAME/ID   File is owned by given user
        -group NAME/ID  File is owned by given group
        -size N[bck]    File size is N (c:bytes,k:kbytes,b:512 bytes(def.))
                        +/-N: file size is bigger/smaller than N
        -prune          If current file is directory, don't descend into it
If none of the following actions is specified, -print is assumed
        -print          Print file name
        -print0         Print file name, NUL terminated
        -exec CMD ARG ; Run CMD with all instances of {} replaced by
                        file name. Fails if CMD exits with nonzero
        -exec CMD ARG + Run CMD with {} replaced by list of file names
root@adsp-sc589-ezkit:/usr# find -name calendarwidget
root@adsp-sc589-ezkit:/usr# cd .
root@adsp-sc589-ezkit:/usr# cd .. 
root@adsp-sc589-ezkit:/# find -name calendarwidget
root@adsp-sc589-ezkit:/# find -name qt*           
root@adsp-sc589-ezkit:/# 

